// Jest Snapshot v1, https://goo.gl/fbAQLP

exports[`Button 渲染正常 1`] = `<div>按钮</div>`;
